main.c:76:6:HAL_UART_RxCpltCallback	16	static
main.c:90:6:clear_buffer	8	static
main.c:95:6:clear_cmd_data	8	static
main.c:100:6:cmd_parser_fsm	16	static
main.c:123:6:uart_communication_fsm	16	static
main.c:159:5:main	8	static
main.c:218:6:SystemClock_Config	88	static
main.c:261:13:MX_ADC1_Init	24	static
main.c:306:13:MX_TIM2_Init	32	static
main.c:351:13:MX_USART2_UART_Init	8	static
main.c:384:13:MX_GPIO_Init	32	static
main.c:404:6:HAL_TIM_PeriodElapsedCallback	16	static
main.c:413:6:Error_Handler	4	static,ignoring_inline_asm
